make[1]: *** [include/config/auto.conf] Deleting file 'include/generated/rustc_cfg'
make[3]: *** [scripts/kconfig/Makefile:85: syncconfig] Interrupt
make[2]: *** [Makefile:758: syncconfig] Interrupt
make[1]: *** [include/config/auto.conf] Deleting file 'include/generated/autoconf.h'
make[1]: *** [/home/gregors/Desktop/BeansOS/Pinto/kernel/linux-7.1.5/Makefile:898: include/config/auto.conf] Interrupt
make: *** [Makefile:248: __sub-make] Interrupt
drivers/net/ethernet/mellanox/mlx5/core/en_fs.c: In function ‘mlx5e_create_inner_ttc_table’:
drivers/net/ethernet/mellanox/mlx5/core/en_fs.c:1325:1: warning: the frame size of 1096 bytes is larger than 1024 bytes [-Wframe-larger-than=]
 1325 | }
      | ^
drivers/net/ethernet/mellanox/mlx5/core/en_fs.c: In function ‘mlx5e_create_ttc_table’:
drivers/net/ethernet/mellanox/mlx5/core/en_fs.c:1335:1: warning: the frame size of 1088 bytes is larger than 1024 bytes [-Wframe-larger-than=]
 1335 | }
      | ^
drivers/net/ethernet/mellanox/mlx5/core/lag/port_sel.c: In function ‘mlx5_lag_create_inner_ttc_table’:
drivers/net/ethernet/mellanox/mlx5/core/lag/port_sel.c:547:1: warning: the frame size of 1120 bytes is larger than 1024 bytes [-Wframe-larger-than=]
  547 | }
      | ^
drivers/net/ethernet/mellanox/mlx5/core/lag/port_sel.c: In function ‘mlx5_lag_create_ttc_table’:
drivers/net/ethernet/mellanox/mlx5/core/lag/port_sel.c:531:1: warning: the frame size of 1112 bytes is larger than 1024 bytes [-Wframe-larger-than=]
  531 | }
      | ^
drivers/net/ethernet/mellanox/mlx5/core/en_rep.c: In function ‘mlx5e_create_rep_ttc_table’:
drivers/net/ethernet/mellanox/mlx5/core/en_rep.c:990:1: warning: the frame size of 1096 bytes is larger than 1024 bytes [-Wframe-larger-than=]
  990 | }
      | ^
drivers/net/ethernet/mellanox/mlx5/core/en_tc.c: In function ‘mlx5e_hairpin_rss_init’:
drivers/net/ethernet/mellanox/mlx5/core/en_tc.c:890:1: warning: the frame size of 1280 bytes is larger than 1024 bytes [-Wframe-larger-than=]
  890 | }
      | ^
drivers/net/wireguard/allowedips.c: In function ‘root_free_rcu’:
drivers/net/wireguard/allowedips.c:62:1: warning: the frame size of 1056 bytes is larger than 1024 bytes [-Wframe-larger-than=]
   62 | }
      | ^
drivers/net/wireguard/allowedips.c: In function ‘root_remove_peer_lists’:
drivers/net/wireguard/allowedips.c:75:1: warning: the frame size of 1064 bytes is larger than 1024 bytes [-Wframe-larger-than=]
   75 | }
      | ^
drivers/infiniband/core/nldev.c: In function ‘nldev_newlink’:
drivers/infiniband/core/nldev.c:1821:1: warning: the frame size of 1048 bytes is larger than 1024 bytes [-Wframe-larger-than=]
 1821 | }
      | ^
drivers/infiniband/core/nldev.c: In function ‘res_get_common_dumpit’:
drivers/infiniband/core/nldev.c:1711:1: warning: the frame size of 1048 bytes is larger than 1024 bytes [-Wframe-larger-than=]
 1711 | }
      | ^
drivers/infiniband/core/nldev.c: In function ‘nldev_get_chardev’:
drivers/infiniband/core/nldev.c:1950:1: warning: the frame size of 1032 bytes is larger than 1024 bytes [-Wframe-larger-than=]
 1950 | }
      | ^
